============================= test session starts =============================
platform win32 -- Python 3.11.3, pytest-9.0.2, pluggy-1.6.0
rootdir: C:\Users\saiha\My_Service\programing\MCP\SharedMemoryServer
configfile: pytest.ini
plugins: anyio-4.12.1, asyncio-1.3.0, cov-7.0.0
asyncio: mode=Mode.AUTO, debug=False, asyncio_default_fixture_loop_scope=function, asyncio_default_test_loop_scope=function
collected 16 items

tests\test_database.py ....                                              [ 25%]
tests\test_error_handling_fix.py .                                       [ 31%]
tests\test_logic.py ..                                                   [ 43%]
tests\test_phase13.py ...                                                [ 62%]
tests\test_server.py .F.                                                 [ 81%]
tests\test_utils.py ...                                                  [100%]

================================== FAILURES ===================================
____________________________ test_snapshot_restore ____________________________

mock_gemini = <MagicMock name='get_gemini_client()' id='2154999558608'>
temp_db = 'C:\\Users\\saiha\\AppData\\Local\\Temp\\tmpng9_1tz5.db'

    @pytest.mark.asyncio
    async def test_snapshot_restore(mock_gemini, temp_db):
        init_db()
        await save_memory(entities=[{"name": "PreSnapshot", "entity_type": "Test"}])
    
        # Create Snapshot
>       await create_snapshot("Milestone 1")

tests\test_server.py:53: 
_ _ _ _ _ _ _ _ _ _ _ _ _ _ _ _ _ _ _ _ _ _ _ _ _ _ _ _ _ _ _ _ _ _ _ _ _ _ _ _

name = 'Milestone 1', description = ''

    @mcp.tool()
    async def create_snapshot(name: str, description: str = ""):
        """
        Creates a full snapshot (backup) of the current knowledge base.
    
        PURPOSE:
        - Creating a recovery point before major refactors or deletions.
        - Marking a 'milestone' in the project history.
    
        OUTPUT:
        - Returns the snapshot ID, which can be used later with 'restore_snapshot'.
        """
        import shutil
        from .utils import get_db_path
    
        db_path = get_db_path()
        snapshot_dir = os.path.join(os.path.dirname(db_path), "snapshots")
        if not os.path.exists(snapshot_dir):
            os.makedirs(snapshot_dir)
    
>       ts = datetime.now().strftime("%Y%m%d_%H%M%S")
             ^^^^^^^^
E       NameError: name 'datetime' is not defined

src\shared_memory\server.py:842: NameError
=========================== short test summary info ===========================
FAILED tests/test_server.py::test_snapshot_restore - NameError: name 'datetim...
======================== 1 failed, 15 passed in 2.46s =========================
